Copyright 1986-2022 Xilinx, Inc. All Rights Reserved. Copyright 2022-2023 Advanced Micro Devices, Inc. All Rights Reserved.
------------------------------------------------------------------------------------------------------------------------------------------------------------------------------------------------------
| Tool Version : Vivado v.2023.1 (win64) Build 3865809 Sun May  7 15:05:29 MDT 2023
| Date         : Fri Feb 28 14:39:28 2025
| Host         : DESKTOP-T3E75FC running 64-bit major release  (build 9200)
| Command      : report_bus_skew -warn_on_violation -file tangerineA7_100_wrapper_bus_skew_routed.rpt -pb tangerineA7_100_wrapper_bus_skew_routed.pb -rpx tangerineA7_100_wrapper_bus_skew_routed.rpx
| Design       : tangerineA7_100_wrapper
| Device       : 7a100t-fgg676
| Speed File   : -1  PRODUCTION 1.23 2018-06-13
| Design State : Routed
------------------------------------------------------------------------------------------------------------------------------------------------------------------------------------------------------

Bus Skew Report

Table of Contents
-----------------
1. Bus Skew Report Summary
2. Bus Skew Report Per Constraint

1. Bus Skew Report Summary
--------------------------

Id  Position  From                            To                              Corner  Requirement(ns)  Actual(ns)  Slack(ns)
--  --------  ------------------------------  ------------------------------  ------  ---------------  ----------  ---------
1   14        [get_cells [list {tangerineA7_100_i/tangerineSOC_0/inst/is2ControllerInst/i2sControllerFifoInst/U0/inst_fifo_gen/gconvfifo.rf/grf.rf/gntv_or_sync_fifo.gcx.clkx/rd_pntr_cdc_inst/src_gray_ff_reg[0]} \
          {tangerineA7_100_i/tangerineSOC_0/inst/is2ControllerInst/i2sControllerFifoInst/U0/inst_fifo_gen/gconvfifo.rf/grf.rf/gntv_or_sync_fifo.gcx.clkx/rd_pntr_cdc_inst/src_gray_ff_reg[10]} \
          {tangerineA7_100_i/tangerineSOC_0/inst/is2ControllerInst/i2sControllerFifoInst/U0/inst_fifo_gen/gconvfifo.rf/grf.rf/gntv_or_sync_fifo.gcx.clkx/rd_pntr_cdc_inst/src_gray_ff_reg[1]} \
          {tangerineA7_100_i/tangerineSOC_0/inst/is2ControllerInst/i2sControllerFifoInst/U0/inst_fifo_gen/gconvfifo.rf/grf.rf/gntv_or_sync_fifo.gcx.clkx/rd_pntr_cdc_inst/src_gray_ff_reg[2]} \
          {tangerineA7_100_i/tangerineSOC_0/inst/is2ControllerInst/i2sControllerFifoInst/U0/inst_fifo_gen/gconvfifo.rf/grf.rf/gntv_or_sync_fifo.gcx.clkx/rd_pntr_cdc_inst/src_gray_ff_reg[3]} \
          {tangerineA7_100_i/tangerineSOC_0/inst/is2ControllerInst/i2sControllerFifoInst/U0/inst_fifo_gen/gconvfifo.rf/grf.rf/gntv_or_sync_fifo.gcx.clkx/rd_pntr_cdc_inst/src_gray_ff_reg[4]} \
          {tangerineA7_100_i/tangerineSOC_0/inst/is2ControllerInst/i2sControllerFifoInst/U0/inst_fifo_gen/gconvfifo.rf/grf.rf/gntv_or_sync_fifo.gcx.clkx/rd_pntr_cdc_inst/src_gray_ff_reg[5]} \
          {tangerineA7_100_i/tangerineSOC_0/inst/is2ControllerInst/i2sControllerFifoInst/U0/inst_fifo_gen/gconvfifo.rf/grf.rf/gntv_or_sync_fifo.gcx.clkx/rd_pntr_cdc_inst/src_gray_ff_reg[6]} \
          {tangerineA7_100_i/tangerineSOC_0/inst/is2ControllerInst/i2sControllerFifoInst/U0/inst_fifo_gen/gconvfifo.rf/grf.rf/gntv_or_sync_fifo.gcx.clkx/rd_pntr_cdc_inst/src_gray_ff_reg[7]} \
          {tangerineA7_100_i/tangerineSOC_0/inst/is2ControllerInst/i2sControllerFifoInst/U0/inst_fifo_gen/gconvfifo.rf/grf.rf/gntv_or_sync_fifo.gcx.clkx/rd_pntr_cdc_inst/src_gray_ff_reg[8]} \
          {tangerineA7_100_i/tangerineSOC_0/inst/is2ControllerInst/i2sControllerFifoInst/U0/inst_fifo_gen/gconvfifo.rf/grf.rf/gntv_or_sync_fifo.gcx.clkx/rd_pntr_cdc_inst/src_gray_ff_reg[9]}]]
                                              [get_cells [list {tangerineA7_100_i/tangerineSOC_0/inst/is2ControllerInst/i2sControllerFifoInst/U0/inst_fifo_gen/gconvfifo.rf/grf.rf/gntv_or_sync_fifo.gcx.clkx/rd_pntr_cdc_inst/dest_graysync_ff_reg[0][0]} \
          {tangerineA7_100_i/tangerineSOC_0/inst/is2ControllerInst/i2sControllerFifoInst/U0/inst_fifo_gen/gconvfifo.rf/grf.rf/gntv_or_sync_fifo.gcx.clkx/rd_pntr_cdc_inst/dest_graysync_ff_reg[0][10]} \
          {tangerineA7_100_i/tangerineSOC_0/inst/is2ControllerInst/i2sControllerFifoInst/U0/inst_fifo_gen/gconvfifo.rf/grf.rf/gntv_or_sync_fifo.gcx.clkx/rd_pntr_cdc_inst/dest_graysync_ff_reg[0][1]} \
          {tangerineA7_100_i/tangerineSOC_0/inst/is2ControllerInst/i2sControllerFifoInst/U0/inst_fifo_gen/gconvfifo.rf/grf.rf/gntv_or_sync_fifo.gcx.clkx/rd_pntr_cdc_inst/dest_graysync_ff_reg[0][2]} \
          {tangerineA7_100_i/tangerineSOC_0/inst/is2ControllerInst/i2sControllerFifoInst/U0/inst_fifo_gen/gconvfifo.rf/grf.rf/gntv_or_sync_fifo.gcx.clkx/rd_pntr_cdc_inst/dest_graysync_ff_reg[0][3]} \
          {tangerineA7_100_i/tangerineSOC_0/inst/is2ControllerInst/i2sControllerFifoInst/U0/inst_fifo_gen/gconvfifo.rf/grf.rf/gntv_or_sync_fifo.gcx.clkx/rd_pntr_cdc_inst/dest_graysync_ff_reg[0][4]} \
          {tangerineA7_100_i/tangerineSOC_0/inst/is2ControllerInst/i2sControllerFifoInst/U0/inst_fifo_gen/gconvfifo.rf/grf.rf/gntv_or_sync_fifo.gcx.clkx/rd_pntr_cdc_inst/dest_graysync_ff_reg[0][5]} \
          {tangerineA7_100_i/tangerineSOC_0/inst/is2ControllerInst/i2sControllerFifoInst/U0/inst_fifo_gen/gconvfifo.rf/grf.rf/gntv_or_sync_fifo.gcx.clkx/rd_pntr_cdc_inst/dest_graysync_ff_reg[0][6]} \
          {tangerineA7_100_i/tangerineSOC_0/inst/is2ControllerInst/i2sControllerFifoInst/U0/inst_fifo_gen/gconvfifo.rf/grf.rf/gntv_or_sync_fifo.gcx.clkx/rd_pntr_cdc_inst/dest_graysync_ff_reg[0][7]} \
          {tangerineA7_100_i/tangerineSOC_0/inst/is2ControllerInst/i2sControllerFifoInst/U0/inst_fifo_gen/gconvfifo.rf/grf.rf/gntv_or_sync_fifo.gcx.clkx/rd_pntr_cdc_inst/dest_graysync_ff_reg[0][8]} \
          {tangerineA7_100_i/tangerineSOC_0/inst/is2ControllerInst/i2sControllerFifoInst/U0/inst_fifo_gen/gconvfifo.rf/grf.rf/gntv_or_sync_fifo.gcx.clkx/rd_pntr_cdc_inst/dest_graysync_ff_reg[0][9]}]]
                                                                              NA                6.154          NA         NA
2   16        [get_cells [list {tangerineA7_100_i/tangerineSOC_0/inst/is2ControllerInst/i2sControllerFifoInst/U0/inst_fifo_gen/gconvfifo.rf/grf.rf/gntv_or_sync_fifo.gcx.clkx/wr_pntr_cdc_inst/src_gray_ff_reg[0]} \
          {tangerineA7_100_i/tangerineSOC_0/inst/is2ControllerInst/i2sControllerFifoInst/U0/inst_fifo_gen/gconvfifo.rf/grf.rf/gntv_or_sync_fifo.gcx.clkx/wr_pntr_cdc_inst/src_gray_ff_reg[10]} \
          {tangerineA7_100_i/tangerineSOC_0/inst/is2ControllerInst/i2sControllerFifoInst/U0/inst_fifo_gen/gconvfifo.rf/grf.rf/gntv_or_sync_fifo.gcx.clkx/wr_pntr_cdc_inst/src_gray_ff_reg[1]} \
          {tangerineA7_100_i/tangerineSOC_0/inst/is2ControllerInst/i2sControllerFifoInst/U0/inst_fifo_gen/gconvfifo.rf/grf.rf/gntv_or_sync_fifo.gcx.clkx/wr_pntr_cdc_inst/src_gray_ff_reg[2]} \
          {tangerineA7_100_i/tangerineSOC_0/inst/is2ControllerInst/i2sControllerFifoInst/U0/inst_fifo_gen/gconvfifo.rf/grf.rf/gntv_or_sync_fifo.gcx.clkx/wr_pntr_cdc_inst/src_gray_ff_reg[3]} \
          {tangerineA7_100_i/tangerineSOC_0/inst/is2ControllerInst/i2sControllerFifoInst/U0/inst_fifo_gen/gconvfifo.rf/grf.rf/gntv_or_sync_fifo.gcx.clkx/wr_pntr_cdc_inst/src_gray_ff_reg[4]} \
          {tangerineA7_100_i/tangerineSOC_0/inst/is2ControllerInst/i2sControllerFifoInst/U0/inst_fifo_gen/gconvfifo.rf/grf.rf/gntv_or_sync_fifo.gcx.clkx/wr_pntr_cdc_inst/src_gray_ff_reg[5]} \
          {tangerineA7_100_i/tangerineSOC_0/inst/is2ControllerInst/i2sControllerFifoInst/U0/inst_fifo_gen/gconvfifo.rf/grf.rf/gntv_or_sync_fifo.gcx.clkx/wr_pntr_cdc_inst/src_gray_ff_reg[6]} \
          {tangerineA7_100_i/tangerineSOC_0/inst/is2ControllerInst/i2sControllerFifoInst/U0/inst_fifo_gen/gconvfifo.rf/grf.rf/gntv_or_sync_fifo.gcx.clkx/wr_pntr_cdc_inst/src_gray_ff_reg[7]} \
          {tangerineA7_100_i/tangerineSOC_0/inst/is2ControllerInst/i2sControllerFifoInst/U0/inst_fifo_gen/gconvfifo.rf/grf.rf/gntv_or_sync_fifo.gcx.clkx/wr_pntr_cdc_inst/src_gray_ff_reg[8]} \
          {tangerineA7_100_i/tangerineSOC_0/inst/is2ControllerInst/i2sControllerFifoInst/U0/inst_fifo_gen/gconvfifo.rf/grf.rf/gntv_or_sync_fifo.gcx.clkx/wr_pntr_cdc_inst/src_gray_ff_reg[9]}]]
                                              [get_cells [list {tangerineA7_100_i/tangerineSOC_0/inst/is2ControllerInst/i2sControllerFifoInst/U0/inst_fifo_gen/gconvfifo.rf/grf.rf/gntv_or_sync_fifo.gcx.clkx/wr_pntr_cdc_inst/dest_graysync_ff_reg[0][0]} \
          {tangerineA7_100_i/tangerineSOC_0/inst/is2ControllerInst/i2sControllerFifoInst/U0/inst_fifo_gen/gconvfifo.rf/grf.rf/gntv_or_sync_fifo.gcx.clkx/wr_pntr_cdc_inst/dest_graysync_ff_reg[0][10]} \
          {tangerineA7_100_i/tangerineSOC_0/inst/is2ControllerInst/i2sControllerFifoInst/U0/inst_fifo_gen/gconvfifo.rf/grf.rf/gntv_or_sync_fifo.gcx.clkx/wr_pntr_cdc_inst/dest_graysync_ff_reg[0][1]} \
          {tangerineA7_100_i/tangerineSOC_0/inst/is2ControllerInst/i2sControllerFifoInst/U0/inst_fifo_gen/gconvfifo.rf/grf.rf/gntv_or_sync_fifo.gcx.clkx/wr_pntr_cdc_inst/dest_graysync_ff_reg[0][2]} \
          {tangerineA7_100_i/tangerineSOC_0/inst/is2ControllerInst/i2sControllerFifoInst/U0/inst_fifo_gen/gconvfifo.rf/grf.rf/gntv_or_sync_fifo.gcx.clkx/wr_pntr_cdc_inst/dest_graysync_ff_reg[0][3]} \
          {tangerineA7_100_i/tangerineSOC_0/inst/is2ControllerInst/i2sControllerFifoInst/U0/inst_fifo_gen/gconvfifo.rf/grf.rf/gntv_or_sync_fifo.gcx.clkx/wr_pntr_cdc_inst/dest_graysync_ff_reg[0][4]} \
          {tangerineA7_100_i/tangerineSOC_0/inst/is2ControllerInst/i2sControllerFifoInst/U0/inst_fifo_gen/gconvfifo.rf/grf.rf/gntv_or_sync_fifo.gcx.clkx/wr_pntr_cdc_inst/dest_graysync_ff_reg[0][5]} \
          {tangerineA7_100_i/tangerineSOC_0/inst/is2ControllerInst/i2sControllerFifoInst/U0/inst_fifo_gen/gconvfifo.rf/grf.rf/gntv_or_sync_fifo.gcx.clkx/wr_pntr_cdc_inst/dest_graysync_ff_reg[0][6]} \
          {tangerineA7_100_i/tangerineSOC_0/inst/is2ControllerInst/i2sControllerFifoInst/U0/inst_fifo_gen/gconvfifo.rf/grf.rf/gntv_or_sync_fifo.gcx.clkx/wr_pntr_cdc_inst/dest_graysync_ff_reg[0][7]} \
          {tangerineA7_100_i/tangerineSOC_0/inst/is2ControllerInst/i2sControllerFifoInst/U0/inst_fifo_gen/gconvfifo.rf/grf.rf/gntv_or_sync_fifo.gcx.clkx/wr_pntr_cdc_inst/dest_graysync_ff_reg[0][8]} \
          {tangerineA7_100_i/tangerineSOC_0/inst/is2ControllerInst/i2sControllerFifoInst/U0/inst_fifo_gen/gconvfifo.rf/grf.rf/gntv_or_sync_fifo.gcx.clkx/wr_pntr_cdc_inst/dest_graysync_ff_reg[0][9]}]]
                                                                              NA                6.154          NA         NA


2. Bus Skew Report Per Constraint
---------------------------------

Id: 1
set_bus_skew -from [get_cells [list {tangerineA7_100_i/tangerineSOC_0/inst/is2ControllerInst/i2sControllerFifoInst/U0/inst_fifo_gen/gconvfifo.rf/grf.rf/gntv_or_sync_fifo.gcx.clkx/rd_pntr_cdc_inst/src_gray_ff_reg[0]} \
          {tangerineA7_100_i/tangerineSOC_0/inst/is2ControllerInst/i2sControllerFifoInst/U0/inst_fifo_gen/gconvfifo.rf/grf.rf/gntv_or_sync_fifo.gcx.clkx/rd_pntr_cdc_inst/src_gray_ff_reg[10]} \
          {tangerineA7_100_i/tangerineSOC_0/inst/is2ControllerInst/i2sControllerFifoInst/U0/inst_fifo_gen/gconvfifo.rf/grf.rf/gntv_or_sync_fifo.gcx.clkx/rd_pntr_cdc_inst/src_gray_ff_reg[1]} \
          {tangerineA7_100_i/tangerineSOC_0/inst/is2ControllerInst/i2sControllerFifoInst/U0/inst_fifo_gen/gconvfifo.rf/grf.rf/gntv_or_sync_fifo.gcx.clkx/rd_pntr_cdc_inst/src_gray_ff_reg[2]} \
          {tangerineA7_100_i/tangerineSOC_0/inst/is2ControllerInst/i2sControllerFifoInst/U0/inst_fifo_gen/gconvfifo.rf/grf.rf/gntv_or_sync_fifo.gcx.clkx/rd_pntr_cdc_inst/src_gray_ff_reg[3]} \
          {tangerineA7_100_i/tangerineSOC_0/inst/is2ControllerInst/i2sControllerFifoInst/U0/inst_fifo_gen/gconvfifo.rf/grf.rf/gntv_or_sync_fifo.gcx.clkx/rd_pntr_cdc_inst/src_gray_ff_reg[4]} \
          {tangerineA7_100_i/tangerineSOC_0/inst/is2ControllerInst/i2sControllerFifoInst/U0/inst_fifo_gen/gconvfifo.rf/grf.rf/gntv_or_sync_fifo.gcx.clkx/rd_pntr_cdc_inst/src_gray_ff_reg[5]} \
          {tangerineA7_100_i/tangerineSOC_0/inst/is2ControllerInst/i2sControllerFifoInst/U0/inst_fifo_gen/gconvfifo.rf/grf.rf/gntv_or_sync_fifo.gcx.clkx/rd_pntr_cdc_inst/src_gray_ff_reg[6]} \
          {tangerineA7_100_i/tangerineSOC_0/inst/is2ControllerInst/i2sControllerFifoInst/U0/inst_fifo_gen/gconvfifo.rf/grf.rf/gntv_or_sync_fifo.gcx.clkx/rd_pntr_cdc_inst/src_gray_ff_reg[7]} \
          {tangerineA7_100_i/tangerineSOC_0/inst/is2ControllerInst/i2sControllerFifoInst/U0/inst_fifo_gen/gconvfifo.rf/grf.rf/gntv_or_sync_fifo.gcx.clkx/rd_pntr_cdc_inst/src_gray_ff_reg[8]} \
          {tangerineA7_100_i/tangerineSOC_0/inst/is2ControllerInst/i2sControllerFifoInst/U0/inst_fifo_gen/gconvfifo.rf/grf.rf/gntv_or_sync_fifo.gcx.clkx/rd_pntr_cdc_inst/src_gray_ff_reg[9]}]] -to [get_cells [list {tangerineA7_100_i/tangerineSOC_0/inst/is2ControllerInst/i2sControllerFifoInst/U0/inst_fifo_gen/gconvfifo.rf/grf.rf/gntv_or_sync_fifo.gcx.clkx/rd_pntr_cdc_inst/dest_graysync_ff_reg[0][0]} \
          {tangerineA7_100_i/tangerineSOC_0/inst/is2ControllerInst/i2sControllerFifoInst/U0/inst_fifo_gen/gconvfifo.rf/grf.rf/gntv_or_sync_fifo.gcx.clkx/rd_pntr_cdc_inst/dest_graysync_ff_reg[0][10]} \
          {tangerineA7_100_i/tangerineSOC_0/inst/is2ControllerInst/i2sControllerFifoInst/U0/inst_fifo_gen/gconvfifo.rf/grf.rf/gntv_or_sync_fifo.gcx.clkx/rd_pntr_cdc_inst/dest_graysync_ff_reg[0][1]} \
          {tangerineA7_100_i/tangerineSOC_0/inst/is2ControllerInst/i2sControllerFifoInst/U0/inst_fifo_gen/gconvfifo.rf/grf.rf/gntv_or_sync_fifo.gcx.clkx/rd_pntr_cdc_inst/dest_graysync_ff_reg[0][2]} \
          {tangerineA7_100_i/tangerineSOC_0/inst/is2ControllerInst/i2sControllerFifoInst/U0/inst_fifo_gen/gconvfifo.rf/grf.rf/gntv_or_sync_fifo.gcx.clkx/rd_pntr_cdc_inst/dest_graysync_ff_reg[0][3]} \
          {tangerineA7_100_i/tangerineSOC_0/inst/is2ControllerInst/i2sControllerFifoInst/U0/inst_fifo_gen/gconvfifo.rf/grf.rf/gntv_or_sync_fifo.gcx.clkx/rd_pntr_cdc_inst/dest_graysync_ff_reg[0][4]} \
          {tangerineA7_100_i/tangerineSOC_0/inst/is2ControllerInst/i2sControllerFifoInst/U0/inst_fifo_gen/gconvfifo.rf/grf.rf/gntv_or_sync_fifo.gcx.clkx/rd_pntr_cdc_inst/dest_graysync_ff_reg[0][5]} \
          {tangerineA7_100_i/tangerineSOC_0/inst/is2ControllerInst/i2sControllerFifoInst/U0/inst_fifo_gen/gconvfifo.rf/grf.rf/gntv_or_sync_fifo.gcx.clkx/rd_pntr_cdc_inst/dest_graysync_ff_reg[0][6]} \
          {tangerineA7_100_i/tangerineSOC_0/inst/is2ControllerInst/i2sControllerFifoInst/U0/inst_fifo_gen/gconvfifo.rf/grf.rf/gntv_or_sync_fifo.gcx.clkx/rd_pntr_cdc_inst/dest_graysync_ff_reg[0][7]} \
          {tangerineA7_100_i/tangerineSOC_0/inst/is2ControllerInst/i2sControllerFifoInst/U0/inst_fifo_gen/gconvfifo.rf/grf.rf/gntv_or_sync_fifo.gcx.clkx/rd_pntr_cdc_inst/dest_graysync_ff_reg[0][8]} \
          {tangerineA7_100_i/tangerineSOC_0/inst/is2ControllerInst/i2sControllerFifoInst/U0/inst_fifo_gen/gconvfifo.rf/grf.rf/gntv_or_sync_fifo.gcx.clkx/rd_pntr_cdc_inst/dest_graysync_ff_reg[0][9]}]] 6.154
Requirement: 6.154ns
Endpoints: 0
No bus skew paths found.


Id: 2
set_bus_skew -from [get_cells [list {tangerineA7_100_i/tangerineSOC_0/inst/is2ControllerInst/i2sControllerFifoInst/U0/inst_fifo_gen/gconvfifo.rf/grf.rf/gntv_or_sync_fifo.gcx.clkx/wr_pntr_cdc_inst/src_gray_ff_reg[0]} \
          {tangerineA7_100_i/tangerineSOC_0/inst/is2ControllerInst/i2sControllerFifoInst/U0/inst_fifo_gen/gconvfifo.rf/grf.rf/gntv_or_sync_fifo.gcx.clkx/wr_pntr_cdc_inst/src_gray_ff_reg[10]} \
          {tangerineA7_100_i/tangerineSOC_0/inst/is2ControllerInst/i2sControllerFifoInst/U0/inst_fifo_gen/gconvfifo.rf/grf.rf/gntv_or_sync_fifo.gcx.clkx/wr_pntr_cdc_inst/src_gray_ff_reg[1]} \
          {tangerineA7_100_i/tangerineSOC_0/inst/is2ControllerInst/i2sControllerFifoInst/U0/inst_fifo_gen/gconvfifo.rf/grf.rf/gntv_or_sync_fifo.gcx.clkx/wr_pntr_cdc_inst/src_gray_ff_reg[2]} \
          {tangerineA7_100_i/tangerineSOC_0/inst/is2ControllerInst/i2sControllerFifoInst/U0/inst_fifo_gen/gconvfifo.rf/grf.rf/gntv_or_sync_fifo.gcx.clkx/wr_pntr_cdc_inst/src_gray_ff_reg[3]} \
          {tangerineA7_100_i/tangerineSOC_0/inst/is2ControllerInst/i2sControllerFifoInst/U0/inst_fifo_gen/gconvfifo.rf/grf.rf/gntv_or_sync_fifo.gcx.clkx/wr_pntr_cdc_inst/src_gray_ff_reg[4]} \
          {tangerineA7_100_i/tangerineSOC_0/inst/is2ControllerInst/i2sControllerFifoInst/U0/inst_fifo_gen/gconvfifo.rf/grf.rf/gntv_or_sync_fifo.gcx.clkx/wr_pntr_cdc_inst/src_gray_ff_reg[5]} \
          {tangerineA7_100_i/tangerineSOC_0/inst/is2ControllerInst/i2sControllerFifoInst/U0/inst_fifo_gen/gconvfifo.rf/grf.rf/gntv_or_sync_fifo.gcx.clkx/wr_pntr_cdc_inst/src_gray_ff_reg[6]} \
          {tangerineA7_100_i/tangerineSOC_0/inst/is2ControllerInst/i2sControllerFifoInst/U0/inst_fifo_gen/gconvfifo.rf/grf.rf/gntv_or_sync_fifo.gcx.clkx/wr_pntr_cdc_inst/src_gray_ff_reg[7]} \
          {tangerineA7_100_i/tangerineSOC_0/inst/is2ControllerInst/i2sControllerFifoInst/U0/inst_fifo_gen/gconvfifo.rf/grf.rf/gntv_or_sync_fifo.gcx.clkx/wr_pntr_cdc_inst/src_gray_ff_reg[8]} \
          {tangerineA7_100_i/tangerineSOC_0/inst/is2ControllerInst/i2sControllerFifoInst/U0/inst_fifo_gen/gconvfifo.rf/grf.rf/gntv_or_sync_fifo.gcx.clkx/wr_pntr_cdc_inst/src_gray_ff_reg[9]}]] -to [get_cells [list {tangerineA7_100_i/tangerineSOC_0/inst/is2ControllerInst/i2sControllerFifoInst/U0/inst_fifo_gen/gconvfifo.rf/grf.rf/gntv_or_sync_fifo.gcx.clkx/wr_pntr_cdc_inst/dest_graysync_ff_reg[0][0]} \
          {tangerineA7_100_i/tangerineSOC_0/inst/is2ControllerInst/i2sControllerFifoInst/U0/inst_fifo_gen/gconvfifo.rf/grf.rf/gntv_or_sync_fifo.gcx.clkx/wr_pntr_cdc_inst/dest_graysync_ff_reg[0][10]} \
          {tangerineA7_100_i/tangerineSOC_0/inst/is2ControllerInst/i2sControllerFifoInst/U0/inst_fifo_gen/gconvfifo.rf/grf.rf/gntv_or_sync_fifo.gcx.clkx/wr_pntr_cdc_inst/dest_graysync_ff_reg[0][1]} \
          {tangerineA7_100_i/tangerineSOC_0/inst/is2ControllerInst/i2sControllerFifoInst/U0/inst_fifo_gen/gconvfifo.rf/grf.rf/gntv_or_sync_fifo.gcx.clkx/wr_pntr_cdc_inst/dest_graysync_ff_reg[0][2]} \
          {tangerineA7_100_i/tangerineSOC_0/inst/is2ControllerInst/i2sControllerFifoInst/U0/inst_fifo_gen/gconvfifo.rf/grf.rf/gntv_or_sync_fifo.gcx.clkx/wr_pntr_cdc_inst/dest_graysync_ff_reg[0][3]} \
          {tangerineA7_100_i/tangerineSOC_0/inst/is2ControllerInst/i2sControllerFifoInst/U0/inst_fifo_gen/gconvfifo.rf/grf.rf/gntv_or_sync_fifo.gcx.clkx/wr_pntr_cdc_inst/dest_graysync_ff_reg[0][4]} \
          {tangerineA7_100_i/tangerineSOC_0/inst/is2ControllerInst/i2sControllerFifoInst/U0/inst_fifo_gen/gconvfifo.rf/grf.rf/gntv_or_sync_fifo.gcx.clkx/wr_pntr_cdc_inst/dest_graysync_ff_reg[0][5]} \
          {tangerineA7_100_i/tangerineSOC_0/inst/is2ControllerInst/i2sControllerFifoInst/U0/inst_fifo_gen/gconvfifo.rf/grf.rf/gntv_or_sync_fifo.gcx.clkx/wr_pntr_cdc_inst/dest_graysync_ff_reg[0][6]} \
          {tangerineA7_100_i/tangerineSOC_0/inst/is2ControllerInst/i2sControllerFifoInst/U0/inst_fifo_gen/gconvfifo.rf/grf.rf/gntv_or_sync_fifo.gcx.clkx/wr_pntr_cdc_inst/dest_graysync_ff_reg[0][7]} \
          {tangerineA7_100_i/tangerineSOC_0/inst/is2ControllerInst/i2sControllerFifoInst/U0/inst_fifo_gen/gconvfifo.rf/grf.rf/gntv_or_sync_fifo.gcx.clkx/wr_pntr_cdc_inst/dest_graysync_ff_reg[0][8]} \
          {tangerineA7_100_i/tangerineSOC_0/inst/is2ControllerInst/i2sControllerFifoInst/U0/inst_fifo_gen/gconvfifo.rf/grf.rf/gntv_or_sync_fifo.gcx.clkx/wr_pntr_cdc_inst/dest_graysync_ff_reg[0][9]}]] 6.154
Requirement: 6.154ns
Endpoints: 0
No bus skew paths found.


