#-----------------------------------------------------------
# Vivado v2023.1 (64-bit)
# SW Build 3865809 on Sun May  7 15:05:29 MDT 2023
# IP Build 3864474 on Sun May  7 20:36:21 MDT 2023
# SharedData Build 3865790 on Sun May 07 13:33:03 MDT 2023
# Start of session at: Fri Feb 21 12:12:46 2025
# Process ID: 330268
# Current directory: C:/Users/qubeck/Documents/Development/ProjektyVHDL/WukongBoard/tangerineA7_100/tangerineA7_100.runs/impl_2
# Command line: vivado.exe -log tangerineA7_100_wrapper.vdi -applog -product Vivado -messageDb vivado.pb -mode batch -source tangerineA7_100_wrapper.tcl -notrace
# Log file: C:/Users/qubeck/Documents/Development/ProjektyVHDL/WukongBoard/tangerineA7_100/tangerineA7_100.runs/impl_2/tangerineA7_100_wrapper.vdi
# Journal file: C:/Users/qubeck/Documents/Development/ProjektyVHDL/WukongBoard/tangerineA7_100/tangerineA7_100.runs/impl_2\vivado.jou
# Running On: DESKTOP-T3E75FC, OS: Windows, CPU Frequency: 4491 MHz, CPU Physical cores: 32, Host memory: 33513 MB
#-----------------------------------------------------------
source tangerineA7_100_wrapper.tcl -notrace
