#-----------------------------------------------------------
# Vivado v2023.1 (64-bit)
# SW Build 3865809 on Sun May  7 15:05:29 MDT 2023
# IP Build 3864474 on Sun May  7 20:36:21 MDT 2023
# SharedData Build 3865790 on Sun May 07 13:33:03 MDT 2023
# Start of session at: Mon Feb 17 23:04:00 2025
# Process ID: 58672
# Current directory: C:/Users/qubeck/Documents/Development/ProjektyVHDL/WukongBoard/tangerineA7_100/tangerineA7_100.runs/fpAddSub_synth_1
# Command line: vivado.exe -log fpAddSub.vds -product Vivado -mode batch -messageDb vivado.pb -notrace -source fpAddSub.tcl
# Log file: C:/Users/qubeck/Documents/Development/ProjektyVHDL/WukongBoard/tangerineA7_100/tangerineA7_100.runs/fpAddSub_synth_1/fpAddSub.vds
# Journal file: C:/Users/qubeck/Documents/Development/ProjektyVHDL/WukongBoard/tangerineA7_100/tangerineA7_100.runs/fpAddSub_synth_1\vivado.jou
# Running On: DESKTOP-T3E75FC, OS: Windows, CPU Frequency: 4491 MHz, CPU Physical cores: 32, Host memory: 33513 MB
#-----------------------------------------------------------
source fpAddSub.tcl -notrace
